---
source: src/cli/settings/set.rs
expression: stdout
---
always_keep_download = true
always_keep_install = true
asdf_compat = false
disable_default_shorthands = false
disable_tools = []
experimental = true
jobs = 2
legacy_version_file = false
legacy_version_file_disable_tools = []
missing_runtime_behavior = autoinstall
plugin_autoupdate_last_check_duration = 1
raw = false
trusted_config_paths = []
verbose = true
yes = true

