---
source: src/cli/settings/ls.rs
expression: stdout
---
experimental = true
missing_runtime_behavior = autoinstall
always_keep_download = true
legacy_version_file = true
plugin_autoupdate_last_check_duration = 20
trusted_config_paths = []
verbose = true
asdf_compat = false
jobs = 2
disable_default_shorthands = false
log_level = INFO
shims_dir = ~/data/shims
raw = false

