---
source: src/cli/alias/set.rs
expression: output
---
java                 lts                  21
node                 lts                  18
node                 lts-argon            4
node                 lts-boron            6
node                 lts-carbon           8
node                 lts-dubnium          10
node                 lts-erbium           12
node                 lts-fermium          14
node                 lts-gallium          16
node                 lts-hydrogen         18
tiny                 lts                  3.1.0
tiny                 lts-prev             2.0.0
tiny                 my/alias             3.0

