---
source: src/cli/alias/unset.rs
expression: output
---
nodejs               lts                  18
nodejs               lts/argon            4
nodejs               lts/boron            6
nodejs               lts/carbon           8
nodejs               lts/dubnium          10
nodejs               lts/erbium           12
nodejs               lts/fermium          14
nodejs               lts/gallium          16
nodejs               lts/hydrogen         18
tiny                 lts                  3.1.0
tiny                 lts-prev             2.0.0

