---
source: src/cli/plugins/install.rs
expression: stdout
---
jq                            https://github.com/azmcode/asdf-jq.git
nodejs                        https://github.com/jdxcode/asdf-nodejs
ruby                          https://github.com/asdf-vm/asdf-ruby.git
shellcheck                    https://github.com/luizm/asdf-shellcheck.git
shfmt                         https://github.com/luizm/asdf-shfmt.git
tiny                          https://github.com/jdxcode/asdf-tiny

