---
source: src/config/config_file/mise_toml.rs
expression: "replace_path(&format!(\"{:#?}\", cf.to_toolset().unwrap()))"
---
Toolset {
    versions: {
        ForgeArg("terraform"): ToolVersionList {
            forge: ForgeArg("terraform"),
            versions: [],
            requests: [
                (
                    Version(
                        ForgeArg("terraform"),
                        "1.0.0",
                    ),
                    {},
                ),
            ],
            source: MiseToml(
                "~/fixtures/.mise.toml",
            ),
        },
        ForgeArg("node"): ToolVersionList {
            forge: ForgeArg("node"),
            versions: [],
            requests: [
                (
                    Version(
                        ForgeArg("node"),
                        "18",
                    ),
                    {},
                ),
                (
                    Prefix(
                        ForgeArg("node"),
                        "20",
                    ),
                    {},
                ),
                (
                    Ref(
                        ForgeArg("node"),
                        "master",
                    ),
                    {},
                ),
                (
                    Path(
                        ForgeArg("node"),
                        "~/.nodes/18",
                    ),
                    {},
                ),
            ],
            source: MiseToml(
                "~/fixtures/.mise.toml",
            ),
        },
        ForgeArg("jq"): ToolVersionList {
            forge: ForgeArg("jq"),
            versions: [],
            requests: [
                (
                    Prefix(
                        ForgeArg("jq"),
                        "1.6",
                    ),
                    {},
                ),
            ],
            source: MiseToml(
                "~/fixtures/.mise.toml",
            ),
        },
        ForgeArg("shellcheck"): ToolVersionList {
            forge: ForgeArg("shellcheck"),
            versions: [],
            requests: [
                (
                    Version(
                        ForgeArg("shellcheck"),
                        "0.9.0",
                    ),
                    {},
                ),
            ],
            source: MiseToml(
                "~/fixtures/.mise.toml",
            ),
        },
        ForgeArg("python"): ToolVersionList {
            forge: ForgeArg("python"),
            versions: [],
            requests: [
                (
                    Version(
                        ForgeArg("python"),
                        "3.10.0",
                    ),
                    {
                        "venv": ".venv",
                    },
                ),
                (
                    Version(
                        ForgeArg("python"),
                        "3.9.0",
                    ),
                    {},
                ),
            ],
            source: MiseToml(
                "~/fixtures/.mise.toml",
            ),
        },
    },
    source: Some(
        MiseToml(
            "~/fixtures/.mise.toml",
        ),
    ),
    disable_tools: {},
}
