---
source: src/config/config_file/mise_toml.rs
expression: cf
snapshot_kind: text
---
MiseToml(~/cwd/.test.mise.toml): ToolRequestSet: <empty> {
    min_version: "2024.1.1",
    env: [
        Val(
            "foo",
            "bar",
        ),
        Val(
            "foo2",
            "qux\\nquux",
        ),
        Val(
            "foo3",
            "qux\nquux",
        ),
    ],
}
