---
source: src/config/config_file/mise_toml.rs
expression: cf
---
MiseToml(~/cwd/.test.mise.toml): ToolRequestSet: <empty> {
    min_version: "MinVersionSpec { hard: Some(Ideal(SemVer { major: 2024, minor: 1, patch: 1, pre_rel: None, meta: None })), soft: None }",
    env: [
        Val(
            "foo",
            "bar",
            EnvDirectiveOptions {
                tools: false,
                redact: false,
            },
        ),
        Val(
            "foo2",
            "qux\\nquux",
            EnvDirectiveOptions {
                tools: false,
                redact: false,
            },
        ),
        Val(
            "foo3",
            "qux\nquux",
            EnvDirectiveOptions {
                tools: false,
                redact: false,
            },
        ),
    ],
}
