---
source: src/config/config_file/mise_toml.rs
expression: "replace_path(&format!(\"{:#?}\", cf.to_tool_request_set().unwrap()))"
---
ToolRequestSet {
    tools: {
        BackendArg("terraform"): [
            Version {
                backend: BackendArg("terraform"),
                version: "1.0.0",
                options: {},
            },
        ],
        BackendArg("node"): [
            Version {
                backend: BackendArg("node"),
                version: "18",
                options: {},
            },
            Prefix {
                backend: BackendArg("node"),
                prefix: "20",
                options: {},
            },
            Ref {
                backend: BackendArg("node"),
                ref_: "master",
                ref_type: "ref",
                options: {},
            },
            Path(
                BackendArg("node"),
                "~/.nodes/18",
            ),
        ],
        BackendArg("jq"): [
            Prefix {
                backend: BackendArg("jq"),
                prefix: "1.6",
                options: {},
            },
        ],
        BackendArg("shellcheck"): [
            Version {
                backend: BackendArg("shellcheck"),
                version: "0.9.0",
                options: {},
            },
        ],
        BackendArg("python"): [
            Version {
                backend: BackendArg("python"),
                version: "3.10.0",
                options: {
                    "venv": ".venv",
                },
            },
            Version {
                backend: BackendArg("python"),
                version: "3.9.0",
                options: {},
            },
        ],
    },
    sources: {
        BackendArg("jq"): MiseToml(
            "~/fixtures/.mise.toml",
        ),
        BackendArg("node"): MiseToml(
            "~/fixtures/.mise.toml",
        ),
        BackendArg("python"): MiseToml(
            "~/fixtures/.mise.toml",
        ),
        BackendArg("shellcheck"): MiseToml(
            "~/fixtures/.mise.toml",
        ),
        BackendArg("terraform"): MiseToml(
            "~/fixtures/.mise.toml",
        ),
    },
}
