---
source: src/config/config_file/mise_toml.rs
expression: "replace_path(&format!(\"{:#?}\", &cf))"
---
MiseToml(~/fixtures/.mise.toml): ToolRequestSet: terraform@1.0.0 node@18 node@prefix:20 node@ref:master node@path:~/.nodes/18 jq@prefix:1.6 shellcheck@0.9.0 python@3.10.0 python@3.9.0
 {
    env: [
        Val(
            "NODE_ENV",
            "production",
        ),
    ],
    alias: {
        ForgeArg("node"): {
            "my_custom_node": "18",
        },
    },
    plugins: {
        "node": "https://github.com/jdx/rtx-node",
    },
}
