---
source: src/config/config_file/rtx_toml.rs
expression: cf.toolset
---
Toolset {
    versions: {
        "nodejs": ToolVersionList {
            plugin_name: "nodejs",
            versions: [],
            requests: [
                (
                    Version(
                        "nodejs",
                        "16.0.1",
                    ),
                    {},
                ),
                (
                    Version(
                        "nodejs",
                        "18.0.1",
                    ),
                    {},
                ),
            ],
            source: RtxToml(
                "/tmp/.rtx.toml",
            ),
        },
    },
    source: Some(
        RtxToml(
            "/tmp/.rtx.toml",
        ),
    ),
    latest_versions: false,
}
