---
source: src/config/config_file/rtx_toml.rs
expression: cf
---
RtxToml(~/fixtures/.rtx.toml):  {
    settings: Object {
        "always_keep_download": Null,
        "always_keep_install": Null,
        "asdf_compat": Null,
        "ci": Null,
        "color": Null,
        "debug": Null,
        "disable_default_shorthands": Null,
        "disable_tools": Null,
        "experimental": Null,
        "jobs": Null,
        "legacy_version_file": Null,
        "legacy_version_file_disable_tools": Null,
        "log_level": Null,
        "plugin_autoupdate_last_check_duration": Null,
        "quiet": Null,
        "raw": Null,
        "shorthands_file": Null,
        "trace": Null,
        "trusted_config_paths": Null,
        "verbose": Null,
        "yes": Null,
    },
    env: {
        "foo": "bar",
    },
    path_dirs: [
        "/foo",
        "~/fixtures/bar",
    ],
}
