---
source: src/shell/pwsh.rs
expression: replace_path(&deactivate)
---
Remove-Item -ErrorAction SilentlyContinue function:mise
Remove-Item -ErrorAction SilentlyContinue -Path Env:/MISE_SHELL
Remove-Item -ErrorAction SilentlyContinue -Path Env:/__MISE_WATCH
Remove-Item -ErrorAction SilentlyContinue -Path Env:/__MISE_SESSION
