---
source: src/shell/xonsh.rs
expression: "xonsh.activate(exe, \" --status\".into())"
---
from os               import environ
from xonsh.built_ins  import XSH

def listen_prompt(): # Hook Events
  execx($(/nix/store/mise hook-env --status -s xonsh))

XSH.builtins.events.on_pre_prompt(listen_prompt) # Activate hook: before showing the prompt

