---
source: src/shell/bash.rs
expression: "bash.activate(exe, true)"
---
export PATH="/some/dir:$PATH"
_rtx_hook() {
  local previous_exit_status=$?;
  trap -- '' SIGINT;
  eval "$("/some/dir/rtx" hook-env --status -s bash)";
  trap - SIGINT;
  return $previous_exit_status;
};
if ! [[ "${PROMPT_COMMAND:-}" =~ _rtx_hook ]]; then
  PROMPT_COMMAND="_rtx_hook${PROMPT_COMMAND:+;$PROMPT_COMMAND}"
fi

_rtx_hook

