---
source: src/shell/zsh.rs
expression: "zsh.activate(exe, \" --status\".into())"
---
export RTX_SHELL=zsh
export __RTX_ORIG_PATH="$PATH"

rtx() {
  local command
  command="${1:-}"
  if [ "$#" = 0 ]; then
    command /nix/store/rtx
    return
  fi
  shift

  case "$command" in
  deactivate|s|shell)
    # if argv doesn't contains -h,--help
    if [[ ! " $@ " =~ " --help " ]] && [[ ! " $@ " =~ " -h " ]]; then
      eval "$(command /nix/store/rtx "$command" "$@")"
      return $?
    fi
    ;;
  esac
  command /nix/store/rtx "$command" "$@"
}

_rtx_hook() {
  eval "$(/nix/store/rtx hook-env --status -s zsh)";
}
typeset -ag precmd_functions;
if [[ -z "${precmd_functions[(r)_rtx_hook]+1}" ]]; then
  precmd_functions=( _rtx_hook ${precmd_functions[@]} )
fi
typeset -ag chpwd_functions;
if [[ -z "${chpwd_functions[(r)_rtx_hook]+1}" ]]; then
  chpwd_functions=( _rtx_hook ${chpwd_functions[@]} )
fi

function command_not_found_handler() {
    /nix/store/rtx hook-not-found -s zsh "$1"
    if (( $? == 0 )); then
      _rtx_hook
      "$@"
      return $?
    fi
}

