---
source: src/shell/fish.rs
expression: "fish.activate(exe, true)"
---
fish_add_path -g /some/dir
set -gx RTX_SHELL fish

function rtx
  if test (count $argv) -eq 0
    command /some/dir/rtx
    return
  end

  set command $argv[1]
  set -e argv[1]

  switch "$command"
  case deactivate shell
    source (/some/dir/rtx "$command" $argv|psub)
  case '*'
    command /some/dir/rtx "$command" $argv
  end
end

function __rtx_env_eval --on-event fish_prompt --description 'Update rtx environment when changing directories';
    /some/dir/rtx hook-env --status -s fish | source;

    if test "$rtx_fish_mode" != "disable_arrow";
        function __rtx_cd_hook --on-variable PWD --description 'Update rtx environment when changing directories';
            if test "$rtx_fish_mode" = "eval_after_arrow";
                set -g __rtx_env_again 0;
            else;
                /some/dir/rtx hook-env --status -s fish | source;
            end;
        end;
    end;
end;

function __rtx_env_eval_2 --on-event fish_preexec --description 'Update rtx environment when changing directories';
    if set -q __rtx_env_again;
        set -e __rtx_env_again;
        /some/dir/rtx hook-env --status -s fish | source;
        echo;
    end;

    functions --erase __rtx_cd_hook;
end;

__rtx_env_eval

