---
source: src/cli/config/ls.rs
expression: output
snapshot_kind: text
---
[
  {
    "path": "~/cwd/.test-tool-versions",
    "tools": [
      "tiny"
    ]
  },
  {
    "path": "~/.test-tool-versions",
    "tools": [
      "tiny",
      "dummy"
    ]
  },
  {
    "path": "~/config/config.toml",
    "tools": []
  }
]
