---
source: src/config/mod.rs
expression: config
snapshot_kind: text
---
Config {
    Config Files: [
        "~/cwd/.test-tool-versions",
        "~/.test-tool-versions",
        "~/config/config.toml",
    ],
    Aliases: {
        "tiny": Alias {
            full: None,
            versions: {
                "my/alias": "3.0",
            },
        },
    },
}
