---
source: crates/vfox/src/vfox.rs
expression: out
---
Metadata { name: "dummy", legacy_filenames: [".dummy-version"], version: "0.3.0", description: Some("Dummy plugin for testing."), author: None, license: Some("Apache 2.0"), homepage: Some("https://github.com/version-fox/vfox-nodejs"), hooks: {"available", "env_keys", "parse_legacy_file", "post_install", "pre_install"} }
