---
source: crates/vfox/src/hooks/pre_install.rs
expression: pre_install
---
PreInstall {
    version: "20.1.0",
    url: Some(
        "file:///fake/nodejs/node-v20.1.0.tar.gz",
    ),
    note: None,
    sha256: Some(
        "fakehash20.1.0",
    ),
    md5: None,
    sha1: None,
    sha512: None,
}
